
> API-CNAB240 nodejs@1.0.0 test
> jest

